[kalanidhithemes.com/live-preview/landing-page/apper/all-demo/04-app-landing-page-gredient-color/index.html]
[backblue.gif]
[fade.gif]
[index.html]
[kalanidhithemes.com/live-preview/landing-page/apper/all-demo/04-app-landing-page-gredient-color/images/favicon.png]
[kalanidhithemes.com/live-preview/landing-page/apper/all-demo/04-app-landing-page-gredient-color/images/logo.png]
[kalanidhithemes.com/live-preview/landing-page/apper/all-demo/04-app-landing-page-gredient-color/images/hero-bg.png]
[kalanidhithemes.com/live-preview/landing-page/apper/all-demo/04-app-landing-page-gredient-color/images/used01.png]
[kalanidhithemes.com/live-preview/landing-page/apper/all-demo/04-app-landing-page-gredient-color/images/used02.png]
[kalanidhithemes.com/live-preview/landing-page/apper/all-demo/04-app-landing-page-gredient-color/images/used03.png]
[kalanidhithemes.com/live-preview/landing-page/apper/all-demo/04-app-landing-page-gredient-color/images/used04.png]
[kalanidhithemes.com/live-preview/landing-page/apper/all-demo/04-app-landing-page-gredient-color/images/bannerimage1.png]
[kalanidhithemes.com/live-preview/landing-page/apper/all-demo/04-app-landing-page-gredient-color/images/bannerimage2.png]
[kalanidhithemes.com/live-preview/landing-page/apper/all-demo/04-app-landing-page-gredient-color/images/bannerimage3.png]
[kalanidhithemes.com/live-preview/landing-page/apper/all-demo/04-app-landing-page-gredient-color/images/bannerimage4.png]
[kalanidhithemes.com/live-preview/landing-page/apper/all-demo/04-app-landing-page-gredient-color/images/section-bg.png]
[kalanidhithemes.com/live-preview/landing-page/apper/all-demo/04-app-landing-page-gredient-color/images/device-feature.png]
[kalanidhithemes.com/live-preview/landing-page/apper/all-demo/04-app-landing-page-gredient-color/images/secure_data.png]
[kalanidhithemes.com/live-preview/landing-page/apper/all-demo/04-app-landing-page-gredient-color/images/functional.png]
[kalanidhithemes.com/live-preview/landing-page/apper/all-demo/04-app-landing-page-gredient-color/images/live-chat.png]
[kalanidhithemes.com/live-preview/landing-page/apper/all-demo/04-app-landing-page-gredient-color/images/support.png]
[kalanidhithemes.com/live-preview/landing-page/apper/all-demo/04-app-landing-page-gredient-color/images/about-frame.png]
[kalanidhithemes.com/live-preview/landing-page/apper/all-demo/04-app-landing-page-gredient-color/images/about-screen.png]
[kalanidhithemes.com/live-preview/landing-page/apper/all-demo/04-app-landing-page-gredient-color/images/download.png]
[kalanidhithemes.com/live-preview/landing-page/apper/all-demo/04-app-landing-page-gredient-color/images/followers.png]
[kalanidhithemes.com/live-preview/landing-page/apper/all-demo/04-app-landing-page-gredient-color/images/reviews.png]
[kalanidhithemes.com/live-preview/landing-page/apper/all-demo/04-app-landing-page-gredient-color/images/countries.png]
[kalanidhithemes.com/live-preview/landing-page/apper/all-demo/04-app-landing-page-gredient-color/contact.1e.delayed]
[kalanidhithemes.com/live-preview/landing-page/apper/all-demo/04-app-landing-page-gredient-color/images/modern01.png]
[kalanidhithemes.com/live-preview/landing-page/apper/all-demo/04-app-landing-page-gredient-color/images/shield_icon.png]
[kalanidhithemes.com/live-preview/landing-page/apper/all-demo/04-app-landing-page-gredient-color/images/modern02.png]
[kalanidhithemes.com/live-preview/landing-page/apper/all-demo/04-app-landing-page-gredient-color/images/modern03.png]
[kalanidhithemes.com/live-preview/landing-page/apper/all-demo/04-app-landing-page-gredient-color/images/download_app.jpg]
[kalanidhithemes.com/live-preview/landing-page/apper/all-demo/04-app-landing-page-gredient-color/images/create_account.jpg]
[kalanidhithemes.com/live-preview/landing-page/apper/all-demo/04-app-landing-page-gredient-color/images/enjoy_app.jpg]
[kalanidhithemes.com/live-preview/landing-page/apper/all-demo/04-app-landing-page-gredient-color/images/yt_thumb.png]
[kalanidhithemes.com/live-preview/landing-page/apper/all-demo/04-app-landing-page-gredient-color/images/play_icon.png]
[kalanidhithemes.com/live-preview/landing-page/apper/all-demo/04-app-landing-page-gredient-color/images/testimonial_user1.png]
[kalanidhithemes.com/live-preview/landing-page/apper/all-demo/04-app-landing-page-gredient-color/images/testimonial_user2.png]
[kalanidhithemes.com/live-preview/landing-page/apper/all-demo/04-app-landing-page-gredient-color/images/testimonial_user3.png]
[kalanidhithemes.com/live-preview/landing-page/apper/all-demo/04-app-landing-page-gredient-color/reviews.2b.delayed]
[kalanidhithemes.com/live-preview/landing-page/apper/all-demo/04-app-landing-page-gredient-color/images/avtar_testimonial.png]
[kalanidhithemes.com/live-preview/landing-page/apper/all-demo/04-app-landing-page-gredient-color/images/standard.png]
[kalanidhithemes.com/live-preview/landing-page/apper/all-demo/04-app-landing-page-gredient-color/images/unlimited.png]
[kalanidhithemes.com/live-preview/landing-page/apper/all-demo/04-app-landing-page-gredient-color/images/premium.png]
[kalanidhithemes.com/live-preview/landing-page/apper/all-demo/04-app-landing-page-gredient-color/images/screen-1.png]
[kalanidhithemes.com/live-preview/landing-page/apper/all-demo/04-app-landing-page-gredient-color/images/screen-2.png]
[kalanidhithemes.com/live-preview/landing-page/apper/all-demo/04-app-landing-page-gredient-color/images/screen-3.png]
[kalanidhithemes.com/live-preview/landing-page/apper/all-demo/04-app-landing-page-gredient-color/images/screen-4.png]
[kalanidhithemes.com/live-preview/landing-page/apper/all-demo/04-app-landing-page-gredient-color/images/screen-5.png]
[kalanidhithemes.com/live-preview/landing-page/apper/all-demo/04-app-landing-page-gredient-color/images/appstore_blue.png]
[kalanidhithemes.com/live-preview/landing-page/apper/all-demo/04-app-landing-page-gredient-color/images/googleplay_blue.png]
[kalanidhithemes.com/live-preview/landing-page/apper/all-demo/04-app-landing-page-gredient-color/images/download-screen01.png]
[kalanidhithemes.com/live-preview/landing-page/apper/all-demo/04-app-landing-page-gredient-color/images/download-screen02.png]
[kalanidhithemes.com/live-preview/landing-page/apper/all-demo/04-app-landing-page-gredient-color/images/story01.png]
[kalanidhithemes.com/live-preview/landing-page/apper/all-demo/04-app-landing-page-gredient-color/images/story02.png]
[kalanidhithemes.com/live-preview/landing-page/apper/all-demo/04-app-landing-page-gredient-color/images/story03.png]
[kalanidhithemes.com/live-preview/landing-page/apper/all-demo/04-app-landing-page-gredient-color/images/paypal.png]
[kalanidhithemes.com/live-preview/landing-page/apper/all-demo/04-app-landing-page-gredient-color/images/spoty.png]
[kalanidhithemes.com/live-preview/landing-page/apper/all-demo/04-app-landing-page-gredient-color/images/shopboat.png]
[kalanidhithemes.com/live-preview/landing-page/apper/all-demo/04-app-landing-page-gredient-color/images/slack.png]
[kalanidhithemes.com/live-preview/landing-page/apper/all-demo/04-app-landing-page-gredient-color/images/envato.png]
[kalanidhithemes.com/live-preview/landing-page/apper/all-demo/04-app-landing-page-gredient-color/images/footer_logo.png]
[kalanidhithemes.com/live-preview/landing-page/apper/all-demo/04-app-landing-page-gredient-color/images/go_top.png]
[kalanidhithemes.com/live-preview/landing-page/apper/all-demo/04-app-landing-page-gredient-color/js/jquery.js]
[kalanidhithemes.com/live-preview/landing-page/apper/all-demo/04-app-landing-page-gredient-color/js/owl.carousel.min.js]
[kalanidhithemes.com/live-preview/landing-page/apper/all-demo/04-app-landing-page-gredient-color/js/bootstrap.min.js]
[kalanidhithemes.com/live-preview/landing-page/apper/all-demo/04-app-landing-page-gredient-color/js/aos.js]
[kalanidhithemes.com/live-preview/landing-page/apper/all-demo/04-app-landing-page-gredient-color/js/main.js]
[kalanidhithemes.com/live-preview/landing-page/apper/all-demo/04-app-landing-page-gredient-color/index.html]
[kalanidhithemes.com/live-preview/landing-page/apper/all-demo/04-app-landing-page-gredient-color/fonts/icofont.woff2]
[kalanidhithemes.com/live-preview/landing-page/apper/all-demo/04-app-landing-page-gredient-color/fonts/icofont.woff]
[kalanidhithemes.com/live-preview/landing-page/apper/all-demo/04-app-landing-page-gredient-color/css/icofont.min.css]
[kalanidhithemes.com/live-preview/landing-page/apper/all-demo/04-app-landing-page-gredient-color/css/owl.video.play.4a.delayed]
[kalanidhithemes.com/live-preview/landing-page/apper/all-demo/04-app-landing-page-gredient-color/css/owl.carousel.min.css]
[kalanidhithemes.com/live-preview/landing-page/apper/all-demo/04-app-landing-page-gredient-color/css/bootstrap.min.css]
[kalanidhithemes.com/live-preview/landing-page/apper/all-demo/04-app-landing-page-gredient-color/css/aos.css]
[kalanidhithemes.com/live-preview/landing-page/apper/all-demo/04-app-landing-page-gredient-color/fonts/poppins-v20-latin-300.eot]
[kalanidhithemes.com/live-preview/landing-page/apper/all-demo/04-app-landing-page-gredient-color/fonts/poppins-v20-latin-300.woff2]
[kalanidhithemes.com/live-preview/landing-page/apper/all-demo/04-app-landing-page-gredient-color/fonts/poppins-v20-latin-300d41d.eot]
[kalanidhithemes.com/live-preview/landing-page/apper/all-demo/04-app-landing-page-gredient-color/fonts/poppins-v20-latin-300.woff]
[kalanidhithemes.com/live-preview/landing-page/apper/all-demo/04-app-landing-page-gredient-color/fonts/poppins-v20-latin-300.ttf]
[kalanidhithemes.com/live-preview/landing-page/apper/all-demo/04-app-landing-page-gredient-color/fonts/poppins-v20-latin-regular.eot]
[kalanidhithemes.com/live-preview/landing-page/apper/all-demo/04-app-landing-page-gredient-color/fonts/poppins-v20-latin-regular.woff2]
[kalanidhithemes.com/live-preview/landing-page/apper/all-demo/04-app-landing-page-gredient-color/fonts/poppins-v20-latin-regulard41d.eot]
[kalanidhithemes.com/live-preview/landing-page/apper/all-demo/04-app-landing-page-gredient-color/fonts/poppins-v20-latin-regular.woff]
[kalanidhithemes.com/live-preview/landing-page/apper/all-demo/04-app-landing-page-gredient-color/fonts/poppins-v20-latin-regular.ttf]
[kalanidhithemes.com/live-preview/landing-page/apper/all-demo/04-app-landing-page-gredient-color/fonts/poppins-v20-latin-italic.eot]
[kalanidhithemes.com/live-preview/landing-page/apper/all-demo/04-app-landing-page-gredient-color/fonts/poppins-v20-latin-italic.woff2]
[kalanidhithemes.com/live-preview/landing-page/apper/all-demo/04-app-landing-page-gredient-color/fonts/poppins-v20-latin-italicd41d.eot]
[kalanidhithemes.com/live-preview/landing-page/apper/all-demo/04-app-landing-page-gredient-color/fonts/poppins-v20-latin-italic.woff]
[kalanidhithemes.com/live-preview/landing-page/apper/all-demo/04-app-landing-page-gredient-color/fonts/poppins-v20-latin-italic.ttf]
[kalanidhithemes.com/live-preview/landing-page/apper/all-demo/04-app-landing-page-gredient-color/fonts/poppins-v20-latin-500.eot]
[kalanidhithemes.com/live-preview/landing-page/apper/all-demo/04-app-landing-page-gredient-color/fonts/poppins-v20-latin-500.woff2]
[kalanidhithemes.com/live-preview/landing-page/apper/all-demo/04-app-landing-page-gredient-color/fonts/poppins-v20-latin-500d41d.eot]
[kalanidhithemes.com/live-preview/landing-page/apper/all-demo/04-app-landing-page-gredient-color/fonts/poppins-v20-latin-500.woff]
[kalanidhithemes.com/live-preview/landing-page/apper/all-demo/04-app-landing-page-gredient-color/fonts/poppins-v20-latin-500.ttf]
[kalanidhithemes.com/live-preview/landing-page/apper/all-demo/04-app-landing-page-gredient-color/fonts/poppins-v20-latin-500italic.eot]
[kalanidhithemes.com/live-preview/landing-page/apper/all-demo/04-app-landing-page-gredient-color/fonts/poppins-v20-latin-500italic.woff2]
[kalanidhithemes.com/live-preview/landing-page/apper/all-demo/04-app-landing-page-gredient-color/fonts/poppins-v20-latin-500italicd41d.eot]
[kalanidhithemes.com/live-preview/landing-page/apper/all-demo/04-app-landing-page-gredient-color/fonts/poppins-v20-latin-500italic.woff]
[kalanidhithemes.com/live-preview/landing-page/apper/all-demo/04-app-landing-page-gredient-color/fonts/poppins-v20-latin-500italic.ttf]
[kalanidhithemes.com/live-preview/landing-page/apper/all-demo/04-app-landing-page-gredient-color/fonts/poppins-v20-latin-600.eot]
[kalanidhithemes.com/live-preview/landing-page/apper/all-demo/04-app-landing-page-gredient-color/fonts/poppins-v20-latin-600d41d.eot]
[kalanidhithemes.com/live-preview/landing-page/apper/all-demo/04-app-landing-page-gredient-color/fonts/poppins-v20-latin-600.woff2]
[kalanidhithemes.com/live-preview/landing-page/apper/all-demo/04-app-landing-page-gredient-color/fonts/poppins-v20-latin-600.woff]
[kalanidhithemes.com/live-preview/landing-page/apper/all-demo/04-app-landing-page-gredient-color/fonts/poppins-v20-latin-600.ttf]
[kalanidhithemes.com/live-preview/landing-page/apper/all-demo/04-app-landing-page-gredient-color/fonts/poppins-v20-latin-700.eot]
[kalanidhithemes.com/live-preview/landing-page/apper/all-demo/04-app-landing-page-gredient-color/fonts/poppins-v20-latin-700.woff2]
[kalanidhithemes.com/live-preview/landing-page/apper/all-demo/04-app-landing-page-gredient-color/fonts/poppins-v20-latin-700d41d.eot]
[kalanidhithemes.com/live-preview/landing-page/apper/all-demo/04-app-landing-page-gredient-color/fonts/poppins-v20-latin-700.woff]
[kalanidhithemes.com/live-preview/landing-page/apper/all-demo/04-app-landing-page-gredient-color/fonts/poppins-v20-latin-700.ttf]
[kalanidhithemes.com/live-preview/landing-page/apper/all-demo/04-app-landing-page-gredient-color/fonts/poppins-v20-latin-800.eot]
[kalanidhithemes.com/live-preview/landing-page/apper/all-demo/04-app-landing-page-gredient-color/fonts/poppins-v20-latin-800.woff2]
[kalanidhithemes.com/live-preview/landing-page/apper/all-demo/04-app-landing-page-gredient-color/fonts/poppins-v20-latin-800d41d.eot]
[kalanidhithemes.com/live-preview/landing-page/apper/all-demo/04-app-landing-page-gredient-color/fonts/poppins-v20-latin-800.woff]
[kalanidhithemes.com/live-preview/landing-page/apper/all-demo/04-app-landing-page-gredient-color/fonts/poppins-v20-latin-800.ttf]
[kalanidhithemes.com/live-preview/landing-page/apper/all-demo/04-app-landing-page-gredient-color/images/right_icon.png]
[kalanidhithemes.com/live-preview/landing-page/apper/all-demo/04-app-landing-page-gredient-color/images/testimonial_bg.png]
[kalanidhithemes.com/live-preview/landing-page/apper/all-demo/04-app-landing-page-gredient-color/css/style.css]
[kalanidhithemes.com/live-preview/landing-page/apper/all-demo/04-app-landing-page-gredient-color/css/responsive.css]
[kalanidhithemes.com/live-preview/landing-page/apper/all-demo/04-app-landing-page-gredient-color/contact.html]
[kalanidhithemes.com/live-preview/landing-page/apper/all-demo/04-app-landing-page-gredient-color/reviews.html]
[kalanidhithemes.com/live-preview/landing-page/apper/all-demo/04-app-landing-page-gredient-color/css/owl.video.play.html]
[kalanidhithemes.com/live-preview/landing-page/apper/all-demo/04-app-landing-page-gredient-color/fonts/poppins-v20-latin-300.svg]
[kalanidhithemes.com/live-preview/landing-page/apper/all-demo/04-app-landing-page-gredient-color/fonts/poppins-v20-latin-regular.svg]
[kalanidhithemes.com/live-preview/landing-page/apper/all-demo/04-app-landing-page-gredient-color/fonts/poppins-v20-latin-italic.svg]
[kalanidhithemes.com/live-preview/landing-page/apper/all-demo/04-app-landing-page-gredient-color/fonts/poppins-v20-latin-500.svg]
[kalanidhithemes.com/live-preview/landing-page/apper/all-demo/04-app-landing-page-gredient-color/fonts/poppins-v20-latin-500italic.svg]
[kalanidhithemes.com/live-preview/landing-page/apper/all-demo/04-app-landing-page-gredient-color/fonts/poppins-v20-latin-600.svg]
[kalanidhithemes.com/live-preview/landing-page/apper/all-demo/04-app-landing-page-gredient-color/fonts/poppins-v20-latin-700.svg]
[kalanidhithemes.com/live-preview/landing-page/apper/all-demo/04-app-landing-page-gredient-color/fonts/poppins-v20-latin-800.svg]
